19:58:27 [types] Generated 356ms
19:58:27 [check] Getting diagnostics for Astro files in C:\Users\josue\.gemini\antigravity\scratch\astro-threejs-site...
[96msrc/components/LanguageSwitcher.astro[0m:[93m74[0m:[93m30[0m - [91merror[0m[90m ts(8016): [0mType assertion expressions can only be used in TypeScript files.

[7m74[0m     const customEvent = e as CustomEvent<{ lang: string }>;
[7m  [0m [91m                             ~~~~~~~~~~~~~~~~~~~~~~~~~~~~~[0m
[96msrc/components/LanguageSwitcher.astro[0m:[93m73[0m:[93m49[0m - [91merror[0m[90m ts(8010): [0mType annotations can only be used in TypeScript files.

[7m73[0m   window.addEventListener('languageChange', (e: Event) => {
[7m  [0m [91m                                                ~~~~~[0m
[96msrc/components/LanguageSwitcher.astro[0m:[93m35[0m:[93m32[0m - [91merror[0m[90m ts(8016): [0mType assertion expressions can only be used in TypeScript files.

[7m35[0m             value = value[k as keyof typeof value];
[7m  [0m [91m                               ~~~~~~~~~~~~~~~~~~[0m
[96msrc/components/LanguageSwitcher.astro[0m:[93m31[0m:[93m18[0m - [91merror[0m[90m ts(8010): [0mType annotations can only be used in TypeScript files.

[7m31[0m       let value: any = t; // Using any here for deep object traversal simplicity, better to have a recursive type but this works for now
[7m  [0m [91m                 ~~~[0m
[96msrc/components/LanguageSwitcher.astro[0m:[93m22[0m:[93m62[0m - [91merror[0m[90m ts(8016): [0mType assertion expressions can only be used in TypeScript files.

[7m22[0m     const safeLang = (lang in translations ? lang : 'es') as TranslationKey;
[7m  [0m [91m                                                             ~~~~~~~~~~~~~~[0m
[96msrc/components/LanguageSwitcher.astro[0m:[93m20[0m:[93m32[0m - [91merror[0m[90m ts(8010): [0mType annotations can only be used in TypeScript files.

[7m20[0m   function updateContent(lang: string) {
[7m  [0m [91m                               ~~~~~~[0m
[96msrc/components/LanguageSwitcher.astro[0m:[93m18[0m:[93m8[0m - [91merror[0m[90m ts(8008): [0mType aliases can only be used in TypeScript files.

[7m18[0m   type Content = string | { [key: string]: Content };
[7m  [0m [91m       ~~~~~~~[0m
[96msrc/components/LanguageSwitcher.astro[0m:[93m17[0m:[93m8[0m - [91merror[0m[90m ts(8008): [0mType aliases can only be used in TypeScript files.

[7m17[0m   type TranslationKey = keyof typeof translations;
[7m  [0m [91m       ~~~~~~~~~~~~~~[0m
[96msrc/components/LanguageSwitcher.astro[0m:[93m12[0m:[93m9[0m - [93mwarning[0m[90m astro(4000): [0mThis script will be treated as if it has the `is:inline` directive because it contains an attribute. Therefore, features that require processing (e.g. using TypeScript or npm packages in the script) are unavailable.

See docs for more details: https://docs.astro.build/en/guides/client-side-scripts/#script-processing.

Add the `is:inline` directive explicitly to silence this hint.

[7m12[0m <script lang="ts">
[7m  [0m [93m        ~~~~[0m

Result (14 files): 
- 8 errors
- 0 warnings
- 1 hint

